<?xml version="1.0" encoding="UTF-8"?>
<testsuites name="jest tests" tests="85" failures="1" errors="0" time="2.531">
  <testsuite name="Metadata Validation Tests" errors="0" failures="1" skipped="0" timestamp="2026-03-17T20:59:15" time="0.298" tests="13">
    <testcase classname="Metadata Validation Tests Entity Statement Validation should validate valid entity statement" name="Metadata Validation Tests Entity Statement Validation should validate valid entity statement" time="0.03">
    </testcase>
    <testcase classname="Metadata Validation Tests Entity Statement Validation should detect missing required claims" name="Metadata Validation Tests Entity Statement Validation should detect missing required claims" time="0.002">
    </testcase>
    <testcase classname="Metadata Validation Tests Entity Statement Validation should detect expired entity statement" name="Metadata Validation Tests Entity Statement Validation should detect expired entity statement" time="0.002">
    </testcase>
    <testcase classname="Metadata Validation Tests Entity Statement Validation should validate claim types" name="Metadata Validation Tests Entity Statement Validation should validate claim types" time="0.002">
    </testcase>
    <testcase classname="Metadata Validation Tests Federation Entity Metadata Validation should validate valid federation entity metadata" name="Metadata Validation Tests Federation Entity Metadata Validation should validate valid federation entity metadata" time="0.003">
    </testcase>
    <testcase classname="Metadata Validation Tests Federation Entity Metadata Validation should detect missing federation entity metadata" name="Metadata Validation Tests Federation Entity Metadata Validation should detect missing federation entity metadata" time="0.001">
    </testcase>
    <testcase classname="Metadata Validation Tests Federation Entity Metadata Validation should detect missing required federation endpoints" name="Metadata Validation Tests Federation Entity Metadata Validation should detect missing required federation endpoints" time="0.002">
    </testcase>
    <testcase classname="Metadata Validation Tests Federation Entity Metadata Validation should validate endpoint URLs" name="Metadata Validation Tests Federation Entity Metadata Validation should validate endpoint URLs" time="0.002">
    </testcase>
    <testcase classname="Metadata Validation Tests Federation Entity Metadata Validation should validate contacts format" name="Metadata Validation Tests Federation Entity Metadata Validation should validate contacts format" time="0.001">
    </testcase>
    <testcase classname="Metadata Validation Tests JWKS Validation should validate valid JWKS" name="Metadata Validation Tests JWKS Validation should validate valid JWKS" time="0.002">
    </testcase>
    <testcase classname="Metadata Validation Tests JWKS Validation should detect invalid JWKS structure" name="Metadata Validation Tests JWKS Validation should detect invalid JWKS structure" time="0.001">
    </testcase>
    <testcase classname="Metadata Validation Tests JWKS Validation should detect missing JWK required parameters" name="Metadata Validation Tests JWKS Validation should detect missing JWK required parameters" time="0.002">
    </testcase>
    <testcase classname="Metadata Validation Tests Integration with File System should validate entity configurations from test files" name="Metadata Validation Tests Integration with File System should validate entity configurations from test files" time="0.005">
      <failure>Error: expect(received).toBe(expected) // Object.is equality

Expected: true
Received: false
    at /workspaces/fedmgr/scripts/tests/unit/metadata-validation.test.js:695:32
    at Array.forEach (&lt;anonymous&gt;)
    at Object.&lt;anonymous&gt; (/workspaces/fedmgr/scripts/tests/unit/metadata-validation.test.js:677:19)
    at Promise.then.completed (/workspaces/fedmgr/node_modules/jest-circus/build/utils.js:298:28)
    at new Promise (&lt;anonymous&gt;)
    at callAsyncCircusFn (/workspaces/fedmgr/node_modules/jest-circus/build/utils.js:231:10)
    at _callCircusTest (/workspaces/fedmgr/node_modules/jest-circus/build/run.js:316:40)
    at processTicksAndRejections (node:internal/process/task_queues:104:5)
    at _runTest (/workspaces/fedmgr/node_modules/jest-circus/build/run.js:252:3)
    at _runTestsForDescribeBlock (/workspaces/fedmgr/node_modules/jest-circus/build/run.js:126:9)
    at _runTestsForDescribeBlock (/workspaces/fedmgr/node_modules/jest-circus/build/run.js:121:9)
    at _runTestsForDescribeBlock (/workspaces/fedmgr/node_modules/jest-circus/build/run.js:121:9)
    at run (/workspaces/fedmgr/node_modules/jest-circus/build/run.js:71:3)
    at runAndTransformResultsToJestFormat (/workspaces/fedmgr/node_modules/jest-circus/build/legacy-code-todo-rewrite/jestAdapterInit.js:122:21)
    at jestAdapter (/workspaces/fedmgr/node_modules/jest-circus/build/legacy-code-todo-rewrite/jestAdapter.js:79:19)
    at runTestInternal (/workspaces/fedmgr/node_modules/jest-runner/build/runTest.js:367:16)
    at runTest (/workspaces/fedmgr/node_modules/jest-runner/build/runTest.js:444:34)
    at Object.worker (/workspaces/fedmgr/node_modules/jest-runner/build/testWorker.js:106:12)</failure>
    </testcase>
  </testsuite>
  <testsuite name="Token Exchange Service" errors="0" failures="0" skipped="0" timestamp="2026-03-17T20:59:15" time="0.206" tests="10">
    <testcase classname="Token Exchange Service GitHub Code Exchange exchangeGitHubCode exchanges code for token" name="Token Exchange Service GitHub Code Exchange exchangeGitHubCode exchanges code for token" time="0.008">
    </testcase>
    <testcase classname="Token Exchange Service GitHub Code Exchange exchangeGitHubCode handles error response" name="Token Exchange Service GitHub Code Exchange exchangeGitHubCode handles error response" time="0.002">
    </testcase>
    <testcase classname="Token Exchange Service GitHub Code Exchange exchangeGitHubCode handles network error" name="Token Exchange Service GitHub Code Exchange exchangeGitHubCode handles network error" time="0.002">
    </testcase>
    <testcase classname="Token Exchange Service Federation Token Conversion convertToFederationToken creates federation token" name="Token Exchange Service Federation Token Conversion convertToFederationToken creates federation token" time="0.001">
    </testcase>
    <testcase classname="Token Exchange Service Token Exchange Endpoint token-exchange endpoint handles GitHub code exchange" name="Token Exchange Service Token Exchange Endpoint token-exchange endpoint handles GitHub code exchange" time="0.021">
    </testcase>
    <testcase classname="Token Exchange Service Token Exchange Endpoint token-exchange endpoint handles missing parameters" name="Token Exchange Service Token Exchange Endpoint token-exchange endpoint handles missing parameters" time="0.003">
    </testcase>
    <testcase classname="Token Exchange Service Token Exchange Endpoint token-exchange endpoint handles unsupported provider" name="Token Exchange Service Token Exchange Endpoint token-exchange endpoint handles unsupported provider" time="0.003">
    </testcase>
    <testcase classname="Token Exchange Service Service Lifecycle start method starts the server" name="Token Exchange Service Service Lifecycle start method starts the server" time="0.002">
    </testcase>
    <testcase classname="Token Exchange Service Service Lifecycle stop method stops the server" name="Token Exchange Service Service Lifecycle stop method stops the server" time="0.001">
    </testcase>
    <testcase classname="Token Exchange Service Service Lifecycle stop method handles no server" name="Token Exchange Service Service Lifecycle stop method handles no server" time="0.001">
    </testcase>
  </testsuite>
  <testsuite name="MCP Server Endpoints" errors="0" failures="0" skipped="0" timestamp="2026-03-17T20:59:16" time="0.044" tests="8">
    <testcase classname="MCP Server Endpoints /whoami endpoint should return MCP identity information" name="MCP Server Endpoints /whoami endpoint should return MCP identity information" time="0.004">
    </testcase>
    <testcase classname="MCP Server Endpoints /whoami endpoint should include correct content type header" name="MCP Server Endpoints /whoami endpoint should include correct content type header" time="0.001">
    </testcase>
    <testcase classname="MCP Server Endpoints /whoami endpoint should handle errors gracefully" name="MCP Server Endpoints /whoami endpoint should handle errors gracefully" time="0.003">
    </testcase>
    <testcase classname="MCP Server Endpoints /stats endpoint should return usage statistics" name="MCP Server Endpoints /stats endpoint should return usage statistics" time="0.002">
    </testcase>
    <testcase classname="MCP Server Endpoints /stats endpoint should include memory usage information" name="MCP Server Endpoints /stats endpoint should include memory usage information" time="0.002">
    </testcase>
    <testcase classname="MCP Server Endpoints /stats endpoint should handle query parameters for filtering stats" name="MCP Server Endpoints /stats endpoint should handle query parameters for filtering stats" time="0.003">
    </testcase>
    <testcase classname="MCP Server Endpoints Authentication and Authorization should require authentication for protected endpoints" name="MCP Server Endpoints Authentication and Authorization should require authentication for protected endpoints" time="0.002">
    </testcase>
    <testcase classname="MCP Server Endpoints Authentication and Authorization should validate JWT tokens for protected endpoints" name="MCP Server Endpoints Authentication and Authorization should validate JWT tokens for protected endpoints" time="0.003">
    </testcase>
  </testsuite>
  <testsuite name="OpenID Federation 1.0 Draft-43 Compliance" errors="0" failures="0" skipped="0" timestamp="2026-03-17T20:59:15" time="0.54" tests="22">
    <testcase classname="OpenID Federation 1.0 Draft-43 Compliance Entity Configuration Endpoint (.well-known/openid-federation) should return signed JWT with correct content-type" name="OpenID Federation 1.0 Draft-43 Compliance Entity Configuration Endpoint (.well-known/openid-federation) should return signed JWT with correct content-type" time="0.042">
    </testcase>
    <testcase classname="OpenID Federation 1.0 Draft-43 Compliance Entity Configuration Endpoint (.well-known/openid-federation) signed JWT should have valid signature and required claims" name="OpenID Federation 1.0 Draft-43 Compliance Entity Configuration Endpoint (.well-known/openid-federation) signed JWT should have valid signature and required claims" time="0.008">
    </testcase>
    <testcase classname="OpenID Federation 1.0 Draft-43 Compliance Entity Configuration Endpoint (.well-known/openid-federation) exp claim should be properly set for compliance" name="OpenID Federation 1.0 Draft-43 Compliance Entity Configuration Endpoint (.well-known/openid-federation) exp claim should be properly set for compliance" time="0.008">
    </testcase>
    <testcase classname="OpenID Federation 1.0 Draft-43 Compliance Federation List Endpoint should exist and return JSON response" name="OpenID Federation 1.0 Draft-43 Compliance Federation List Endpoint should exist and return JSON response" time="0.004">
    </testcase>
    <testcase classname="OpenID Federation 1.0 Draft-43 Compliance Federation List Endpoint should handle errors gracefully" name="OpenID Federation 1.0 Draft-43 Compliance Federation List Endpoint should handle errors gracefully" time="0.003">
    </testcase>
    <testcase classname="OpenID Federation 1.0 Draft-43 Compliance Federation Fetch Endpoint should require sub parameter" name="OpenID Federation 1.0 Draft-43 Compliance Federation Fetch Endpoint should require sub parameter" time="0.003">
    </testcase>
    <testcase classname="OpenID Federation 1.0 Draft-43 Compliance Federation Fetch Endpoint should return signed subordinate statement" name="OpenID Federation 1.0 Draft-43 Compliance Federation Fetch Endpoint should return signed subordinate statement" time="0.005">
    </testcase>
    <testcase classname="OpenID Federation 1.0 Draft-43 Compliance Federation Fetch Endpoint subordinate statement should have valid signature and claims" name="OpenID Federation 1.0 Draft-43 Compliance Federation Fetch Endpoint subordinate statement should have valid signature and claims" time="0.004">
    </testcase>
    <testcase classname="OpenID Federation 1.0 Draft-43 Compliance Trust Chain Validation should validate single token chains" name="OpenID Federation 1.0 Draft-43 Compliance Trust Chain Validation should validate single token chains" time="0.002">
    </testcase>
    <testcase classname="OpenID Federation 1.0 Draft-43 Compliance Trust Chain Validation should reject invalid tokens" name="OpenID Federation 1.0 Draft-43 Compliance Trust Chain Validation should reject invalid tokens" time="0.001">
    </testcase>
    <testcase classname="OpenID Federation 1.0 Draft-43 Compliance Trust Chain Validation should handle empty trust chains" name="OpenID Federation 1.0 Draft-43 Compliance Trust Chain Validation should handle empty trust chains" time="0">
    </testcase>
    <testcase classname="OpenID Federation 1.0 Draft-43 Compliance Trust Chain Validation should validate multi-hop trust chains" name="OpenID Federation 1.0 Draft-43 Compliance Trust Chain Validation should validate multi-hop trust chains" time="0.002">
    </testcase>
    <testcase classname="OpenID Federation 1.0 Draft-43 Compliance Certificate Utilities should convert PEM to JWK correctly" name="OpenID Federation 1.0 Draft-43 Compliance Certificate Utilities should convert PEM to JWK correctly" time="0">
    </testcase>
    <testcase classname="OpenID Federation 1.0 Draft-43 Compliance Certificate Utilities should convert JWK back to PEM" name="OpenID Federation 1.0 Draft-43 Compliance Certificate Utilities should convert JWK back to PEM" time="0.001">
    </testcase>
    <testcase classname="OpenID Federation 1.0 Draft-43 Compliance Certificate Utilities should sign and verify JWTs correctly" name="OpenID Federation 1.0 Draft-43 Compliance Certificate Utilities should sign and verify JWTs correctly" time="0.003">
    </testcase>
    <testcase classname="OpenID Federation 1.0 Draft-43 Compliance Certificate Utilities should handle exp claims correctly in JWT signing" name="OpenID Federation 1.0 Draft-43 Compliance Certificate Utilities should handle exp claims correctly in JWT signing" time="0.002">
    </testcase>
    <testcase classname="OpenID Federation 1.0 Draft-43 Compliance Metadata Compliance entity configuration should have all required federation endpoints" name="OpenID Federation 1.0 Draft-43 Compliance Metadata Compliance entity configuration should have all required federation endpoints" time="0.006">
    </testcase>
    <testcase classname="OpenID Federation 1.0 Draft-43 Compliance Metadata Compliance entity statements should have proper issuer and subject relationship" name="OpenID Federation 1.0 Draft-43 Compliance Metadata Compliance entity statements should have proper issuer and subject relationship" time="0.007">
    </testcase>
    <testcase classname="OpenID Federation 1.0 Draft-43 Compliance Metadata Compliance subordinate statements should have correct issuer-subject relationship" name="OpenID Federation 1.0 Draft-43 Compliance Metadata Compliance subordinate statements should have correct issuer-subject relationship" time="0.005">
    </testcase>
    <testcase classname="OpenID Federation 1.0 Draft-43 Compliance Error Handling and Edge Cases should handle missing private key gracefully" name="OpenID Federation 1.0 Draft-43 Compliance Error Handling and Edge Cases should handle missing private key gracefully" time="0.001">
    </testcase>
    <testcase classname="OpenID Federation 1.0 Draft-43 Compliance Error Handling and Edge Cases should handle malformed JWK to PEM conversion" name="OpenID Federation 1.0 Draft-43 Compliance Error Handling and Edge Cases should handle malformed JWK to PEM conversion" time="0.001">
    </testcase>
    <testcase classname="OpenID Federation 1.0 Draft-43 Compliance Error Handling and Edge Cases should validate trust chains with missing JWKS" name="OpenID Federation 1.0 Draft-43 Compliance Error Handling and Edge Cases should validate trust chains with missing JWKS" time="0.002">
    </testcase>
  </testsuite>
  <testsuite name="Auth Commands" errors="0" failures="0" skipped="1" timestamp="2026-03-17T20:59:16" time="0.038" tests="9">
    <testcase classname="Auth Commands Token Storage getStoredTokens returns empty object when file does not exist" name="Auth Commands Token Storage getStoredTokens returns empty object when file does not exist" time="0.001">
    </testcase>
    <testcase classname="Auth Commands Token Storage getStoredTokens returns tokens from file" name="Auth Commands Token Storage getStoredTokens returns tokens from file" time="0.001">
    </testcase>
    <testcase classname="Auth Commands Token Storage saveToken writes token to file" name="Auth Commands Token Storage saveToken writes token to file" time="0">
    </testcase>
    <testcase classname="Auth Commands Token Storage getToken returns token for provider" name="Auth Commands Token Storage getToken returns token for provider" time="0">
    </testcase>
    <testcase classname="Auth Commands Token Storage deleteToken removes token for provider" name="Auth Commands Token Storage deleteToken removes token for provider" time="0.001">
    </testcase>
    <testcase classname="Auth Commands Local OIDC Login localOidcLogin fetches token from OIDC provider" name="Auth Commands Local OIDC Login localOidcLogin fetches token from OIDC provider" time="0.001">
    </testcase>
    <testcase classname="Auth Commands Local OIDC Login localOidcLogin handles discovery error" name="Auth Commands Local OIDC Login localOidcLogin handles discovery error" time="0.001">
    </testcase>
    <testcase classname="Auth Commands Local OIDC Login localOidcLogin handles token error" name="Auth Commands Local OIDC Login localOidcLogin handles token error" time="0.001">
    </testcase>
    <testcase classname="Auth Commands GitHub OAuth Login githubOAuthLogin opens browser and handles callback" name="Auth Commands GitHub OAuth Login githubOAuthLogin opens browser and handles callback" time="0">
      <skipped/>
    </testcase>
  </testsuite>
  <testsuite name="MCP Server Initialization" errors="0" failures="0" skipped="3" timestamp="2026-03-17T20:59:16" time="0.035" tests="5">
    <testcase classname="MCP Server Initialization should initialize correctly with valid configuration" name="MCP Server Initialization should initialize correctly with valid configuration" time="0">
      <skipped/>
    </testcase>
    <testcase classname="MCP Server Initialization should exit if name is missing" name="MCP Server Initialization should exit if name is missing" time="0">
      <skipped/>
    </testcase>
    <testcase classname="MCP Server Initialization should exit if port is missing" name="MCP Server Initialization should exit if port is missing" time="0">
      <skipped/>
    </testcase>
    <testcase classname="MCP Server API Endpoints should set up entity configuration endpoint" name="MCP Server API Endpoints should set up entity configuration endpoint" time="0">
    </testcase>
    <testcase classname="MCP Server API Endpoints should set up entity statements endpoint" name="MCP Server API Endpoints should set up entity statements endpoint" time="0">
    </testcase>
    <testcase classname="MCP Server API Endpoints should set up API endpoint with token validation" name="MCP Server API Endpoints should set up API endpoint with token validation" time="0">
    </testcase>
    <testcase classname="MCP Server API Endpoints should return MCP identity for /whoami endpoint" name="MCP Server API Endpoints should return MCP identity for /whoami endpoint" time="0.005">
    </testcase>
    <testcase classname="MCP Server API Endpoints should return usage statistics for /stats endpoint" name="MCP Server API Endpoints should return usage statistics for /stats endpoint" time="0.002">
    </testcase>
  </testsuite>
  <testsuite name="Trust Chain Verification Tests" errors="0" failures="0" skipped="0" timestamp="2026-03-17T20:59:15" time="1.785" tests="10">
    <testcase classname="Trust Chain Verification Tests Single Link Trust Chain should verify direct trust relationship" name="Trust Chain Verification Tests Single Link Trust Chain should verify direct trust relationship" time="0.157">
    </testcase>
    <testcase classname="Trust Chain Verification Tests Single Link Trust Chain should reject invalid signature in single link" name="Trust Chain Verification Tests Single Link Trust Chain should reject invalid signature in single link" time="0.21">
    </testcase>
    <testcase classname="Trust Chain Verification Tests Multi-Link Trust Chain should verify two-level trust chain" name="Trust Chain Verification Tests Multi-Link Trust Chain should verify two-level trust chain" time="0.165">
    </testcase>
    <testcase classname="Trust Chain Verification Tests Multi-Link Trust Chain should verify three-level trust chain" name="Trust Chain Verification Tests Multi-Link Trust Chain should verify three-level trust chain" time="0.116">
    </testcase>
    <testcase classname="Trust Chain Verification Tests Multi-Link Trust Chain should detect broken chain" name="Trust Chain Verification Tests Multi-Link Trust Chain should detect broken chain" time="0.294">
    </testcase>
    <testcase classname="Trust Chain Verification Tests Chain Validation Edge Cases should detect circular references" name="Trust Chain Verification Tests Chain Validation Edge Cases should detect circular references" time="0.072">
    </testcase>
    <testcase classname="Trust Chain Verification Tests Chain Validation Edge Cases should enforce maximum chain length" name="Trust Chain Verification Tests Chain Validation Edge Cases should enforce maximum chain length" time="0.063">
    </testcase>
    <testcase classname="Trust Chain Verification Tests Chain Validation Edge Cases should handle expired statements in chain" name="Trust Chain Verification Tests Chain Validation Edge Cases should handle expired statements in chain" time="0.143">
    </testcase>
    <testcase classname="Trust Chain Verification Tests Metadata Policy Application should apply metadata policies in chain" name="Trust Chain Verification Tests Metadata Policy Application should apply metadata policies in chain" time="0.124">
    </testcase>
    <testcase classname="Trust Chain Verification Tests Integration with Certificate Utils should integrate with existing certificate utilities" name="Trust Chain Verification Tests Integration with Certificate Utils should integrate with existing certificate utilities" time="0.179">
    </testcase>
  </testsuite>
  <testsuite name="NPX Execution of fedmgr CLI" errors="0" failures="0" skipped="0" timestamp="2026-03-17T20:59:15" time="2.407" tests="8">
    <testcase classname="NPX Execution of fedmgr CLI Basic Execution should execute --help command successfully" name="NPX Execution of fedmgr CLI Basic Execution should execute --help command successfully" time="0.155">
    </testcase>
    <testcase classname="NPX Execution of fedmgr CLI Basic Execution should execute --version command successfully" name="NPX Execution of fedmgr CLI Basic Execution should execute --version command successfully" time="0.125">
    </testcase>
    <testcase classname="NPX Execution of fedmgr CLI Command Execution should create a federation successfully" name="NPX Execution of fedmgr CLI Command Execution should create a federation successfully" time="0.444">
    </testcase>
    <testcase classname="NPX Execution of fedmgr CLI Command Execution should create an MCP instance in a federation successfully" name="NPX Execution of fedmgr CLI Command Execution should create an MCP instance in a federation successfully" time="0.676">
    </testcase>
    <testcase classname="NPX Execution of fedmgr CLI Command Execution should list federations successfully" name="NPX Execution of fedmgr CLI Command Execution should list federations successfully" time="0.455">
    </testcase>
    <testcase classname="NPX Execution of fedmgr CLI Error Handling should handle non-existent command gracefully" name="NPX Execution of fedmgr CLI Error Handling should handle non-existent command gracefully" time="0.112">
    </testcase>
    <testcase classname="NPX Execution of fedmgr CLI Error Handling should handle missing required arguments gracefully" name="NPX Execution of fedmgr CLI Error Handling should handle missing required arguments gracefully" time="0.111">
    </testcase>
    <testcase classname="NPX Execution of fedmgr CLI Error Handling should handle missing federation option for MCP creation gracefully" name="NPX Execution of fedmgr CLI Error Handling should handle missing federation option for MCP creation gracefully" time="0.109">
    </testcase>
  </testsuite>
</testsuites>